17:09:03 INFO learn_rag.parsing.external: MinerU 运行环境：已加载 /Users/feibot/Desktop/daily_file/harness_study/Learn-RAG/.mineru.env；MINERU_HOME=/Users/feibot/Desktop/daily_file/harness_study/Learn-RAG/mineru_model_weight；VLM 服务=http://127.0.0.1:30000
17:09:12 INFO root: 导出 01_年度报告_双栏复杂版面.pdf：解析器=mineru 耗时=9.0s 元素=39 块=11
17:09:35 INFO root: 导出 02_扫描件_技术服务合同.pdf：解析器=mineru 耗时=23.0s 元素=24 块=3
17:09:42 INFO root: 导出 03_英文论文_公式与三线表.pdf：解析器=mineru 耗时=7.8s 元素=15 块=5
17:09:43 INFO root: 导出 04_产品手册.docx：解析器=mineru 耗时=0.9s 元素=27 块=9
17:09:44 INFO root: 导出 05_季度复盘.pptx：解析器=mineru 耗时=0.8s 元素=19 块=6
17:09:45 INFO root: 导出 06_销售数据.xlsx：解析器=mineru 耗时=0.7s 元素=9 块=6
17:09:45 INFO root: 导出 07_员工名单.csv：解析器=mineru 耗时=0.7s 元素=1 块=1
17:09:46 INFO root: 导出 08_员工名单_GBK编码.csv：解析器=mineru 耗时=0.7s 元素=1 块=1
17:09:47 INFO root: 导出 09_库存清单.tsv：解析器=mineru 耗时=0.7s 元素=1 块=1
17:09:47 INFO root: 导出 10_新闻页面.html：解析器=mineru 耗时=0.7s 元素=11 块=4
17:09:48 INFO root: 导出 11_新闻页面存档.mhtml：解析器=mineru 耗时=0.7s 元素=11 块=4
17:09:49 INFO root: 导出 12_员工手册.epub：解析器=mineru 耗时=0.6s 元素=10 块=5
17:09:49 INFO root: 导出 13_产品手册_旧版.doc：解析器=mineru 耗时=0.7s 元素=27 块=9
17:09:51 INFO root: 导出 14_季度复盘_旧版.ppt：解析器=mineru 耗时=1.3s 元素=19 块=6
17:09:51 INFO root: 导出 15_销售数据_旧版.xls：解析器=mineru 耗时=0.7s 元素=9 块=6
17:09:52 INFO root: 导出 16_产品手册.rtf：解析器=mineru 耗时=0.8s 元素=27 块=9
17:09:53 INFO root: 导出 17_产品手册.odt：解析器=mineru 耗时=0.7s 元素=27 块=9
17:09:54 INFO root: 导出 18_季度复盘.odp：解析器=mineru 耗时=0.7s 元素=20 块=5
17:09:54 INFO root: 导出 19_销售数据.ods：解析器=mineru 耗时=0.6s 元素=9 块=6
17:10:06 INFO root: 导出 20_文档截图_报告第2页.png：解析器=mineru 耗时=11.4s 元素=7 块=3
17:10:17 INFO root: 导出 21_拍照_领用登记表.jpg：解析器=mineru 耗时=11.4s 元素=2 块=1
17:10:19 INFO root: 导出 22_图表_季度趋势.png：解析器=mineru 耗时=2.4s 元素=1 块=1
